// Jest Snapshot v1, https://goo.gl/fbAQLP

exports[`<App /> matches the last snapshot 1`] = `
<div>
  <h1>
    React development has begun...
  </h1>
  <div>
    <li
      onClick={[Function]}
    >
      herschel
    </li>
    <li
      onClick={[Function]}
    >
      gertrude
    </li>
    <li
      onClick={[Function]}
    >
      jemima
    </li>
    <div
      className="notes"
    >
      This list of wombats may not be exhaustive.
    </div>
  </div>
</div>
`;
